// Jest Snapshot v1, https://goo.gl/fbAQLP

exports[`El componente <HookApp /> debe de renderisarse correctamente 1`] = `
<div>
  <h1>
    Hook App
  </h1>
</div>
`;
