// Jest Snapshot v1, https://goo.gl/fbAQLP

exports[`<TodoListItem /> debe de mostrarse correctamente  1`] = `
<li
  className="list-group-item"
>
  <p
    className="false"
    onClick={[Function]}
  >
     
    1
     - 
    Aprender React
     
  </p>
  <button
    className="btn btn-danger ms-3"
    onClick={[Function]}
  >
    Borrar
  </button>
</li>
`;
